../Core/Src/mqtt_functions.c:20:13:mqtt_event_handler	40	static
../Core/Src/mqtt_functions.c:36:6:mqtt_init	144	static
../Core/Src/mqtt_functions.c:49:6:mqtt_publish_message	152	static
../Core/Src/mqtt_functions.c:66:6:mqtt_poll	16	static
../Core/Src/mqtt_functions.c:70:6:mqtt_cleanup	8	static
../Core/Src/mqtt_functions.c:75:6:print_ip_address	8	static
../Core/Src/mqtt_functions.c:79:7:read_temperature	8	static
../Core/Src/mqtt_functions.c:83:10:mg_millis	16	static
../Core/Src/mqtt_functions.c:88:6:mg_random	24	static
